  Determining projects to restore...
  All projects are up-to-date for restore.
  RestaurantManagement.Data -> C:\Users\Administrator\Desktop\HeThongDatBan-GoiMon-chinh\src\RestaurantManagement.Data\bin\Debug\net10.0\RestaurantManagement.Data.dll
C:\Users\Administrator\Desktop\HeThongDatBan-GoiMon-chinh\src\RestaurantManagement.Web\Program.cs(14,1): error CS8300: Merge conflict marker encountered [C:\Users\Administrator\Desktop\HeThongDatBan-GoiMon-chinh\src\RestaurantManagement.Web\RestaurantManagement.Web.csproj]
C:\Users\Administrator\Desktop\HeThongDatBan-GoiMon-chinh\src\RestaurantManagement.Web\Program.cs(19,1): error CS8300: Merge conflict marker encountered [C:\Users\Administrator\Desktop\HeThongDatBan-GoiMon-chinh\src\RestaurantManagement.Web\RestaurantManagement.Web.csproj]
C:\Users\Administrator\Desktop\HeThongDatBan-GoiMon-chinh\src\RestaurantManagement.Web\Program.cs(23,1): error CS8300: Merge conflict marker encountered [C:\Users\Administrator\Desktop\HeThongDatBan-GoiMon-chinh\src\RestaurantManagement.Web\RestaurantManagement.Web.csproj]
C:\Users\Administrator\Desktop\HeThongDatBan-GoiMon-chinh\src\RestaurantManagement.Web\Program.cs(30,1): error CS8300: Merge conflict marker encountered [C:\Users\Administrator\Desktop\HeThongDatBan-GoiMon-chinh\src\RestaurantManagement.Web\RestaurantManagement.Web.csproj]
C:\Users\Administrator\Desktop\HeThongDatBan-GoiMon-chinh\src\RestaurantManagement.Web\Program.cs(41,1): error CS8300: Merge conflict marker encountered [C:\Users\Administrator\Desktop\HeThongDatBan-GoiMon-chinh\src\RestaurantManagement.Web\RestaurantManagement.Web.csproj]
C:\Users\Administrator\Desktop\HeThongDatBan-GoiMon-chinh\src\RestaurantManagement.Web\Program.cs(43,1): error CS8300: Merge conflict marker encountered [C:\Users\Administrator\Desktop\HeThongDatBan-GoiMon-chinh\src\RestaurantManagement.Web\RestaurantManagement.Web.csproj]
C:\Users\Administrator\Desktop\HeThongDatBan-GoiMon-chinh\src\RestaurantManagement.Web\Program.cs(90,1): error CS8300: Merge conflict marker encountered [C:\Users\Administrator\Desktop\HeThongDatBan-GoiMon-chinh\src\RestaurantManagement.Web\RestaurantManagement.Web.csproj]
C:\Users\Administrator\Desktop\HeThongDatBan-GoiMon-chinh\src\RestaurantManagement.Web\Program.cs(93,1): error CS8300: Merge conflict marker encountered [C:\Users\Administrator\Desktop\HeThongDatBan-GoiMon-chinh\src\RestaurantManagement.Web\RestaurantManagement.Web.csproj]
C:\Users\Administrator\Desktop\HeThongDatBan-GoiMon-chinh\src\RestaurantManagement.Web\Program.cs(95,1): error CS8300: Merge conflict marker encountered [C:\Users\Administrator\Desktop\HeThongDatBan-GoiMon-chinh\src\RestaurantManagement.Web\RestaurantManagement.Web.csproj]

Build FAILED.

C:\Users\Administrator\Desktop\HeThongDatBan-GoiMon-chinh\src\RestaurantManagement.Web\Program.cs(14,1): error CS8300: Merge conflict marker encountered [C:\Users\Administrator\Desktop\HeThongDatBan-GoiMon-chinh\src\RestaurantManagement.Web\RestaurantManagement.Web.csproj]
C:\Users\Administrator\Desktop\HeThongDatBan-GoiMon-chinh\src\RestaurantManagement.Web\Program.cs(19,1): error CS8300: Merge conflict marker encountered [C:\Users\Administrator\Desktop\HeThongDatBan-GoiMon-chinh\src\RestaurantManagement.Web\RestaurantManagement.Web.csproj]
C:\Users\Administrator\Desktop\HeThongDatBan-GoiMon-chinh\src\RestaurantManagement.Web\Program.cs(23,1): error CS8300: Merge conflict marker encountered [C:\Users\Administrator\Desktop\HeThongDatBan-GoiMon-chinh\src\RestaurantManagement.Web\RestaurantManagement.Web.csproj]
C:\Users\Administrator\Desktop\HeThongDatBan-GoiMon-chinh\src\RestaurantManagement.Web\Program.cs(30,1): error CS8300: Merge conflict marker encountered [C:\Users\Administrator\Desktop\HeThongDatBan-GoiMon-chinh\src\RestaurantManagement.Web\RestaurantManagement.Web.csproj]
C:\Users\Administrator\Desktop\HeThongDatBan-GoiMon-chinh\src\RestaurantManagement.Web\Program.cs(41,1): error CS8300: Merge conflict marker encountered [C:\Users\Administrator\Desktop\HeThongDatBan-GoiMon-chinh\src\RestaurantManagement.Web\RestaurantManagement.Web.csproj]
C:\Users\Administrator\Desktop\HeThongDatBan-GoiMon-chinh\src\RestaurantManagement.Web\Program.cs(43,1): error CS8300: Merge conflict marker encountered [C:\Users\Administrator\Desktop\HeThongDatBan-GoiMon-chinh\src\RestaurantManagement.Web\RestaurantManagement.Web.csproj]
C:\Users\Administrator\Desktop\HeThongDatBan-GoiMon-chinh\src\RestaurantManagement.Web\Program.cs(90,1): error CS8300: Merge conflict marker encountered [C:\Users\Administrator\Desktop\HeThongDatBan-GoiMon-chinh\src\RestaurantManagement.Web\RestaurantManagement.Web.csproj]
C:\Users\Administrator\Desktop\HeThongDatBan-GoiMon-chinh\src\RestaurantManagement.Web\Program.cs(93,1): error CS8300: Merge conflict marker encountered [C:\Users\Administrator\Desktop\HeThongDatBan-GoiMon-chinh\src\RestaurantManagement.Web\RestaurantManagement.Web.csproj]
C:\Users\Administrator\Desktop\HeThongDatBan-GoiMon-chinh\src\RestaurantManagement.Web\Program.cs(95,1): error CS8300: Merge conflict marker encountered [C:\Users\Administrator\Desktop\HeThongDatBan-GoiMon-chinh\src\RestaurantManagement.Web\RestaurantManagement.Web.csproj]
    0 Warning(s)
    9 Error(s)

Time Elapsed 00:00:02.68
